[egu.space/index.html]
[backblue.gif]
[fade.gif]
[index.html]
[egu.space/images/favicon.ico]
[egu.space/images/apple-touch-icon.png]
[egu.space/images/apple-touch-icon-72x72.png]
[egu.space/images/apple-touch-icon-114x114.png]
[ajax.googleapis.com/ajax/libs/jquery/1.9.1/jquery.min.js]
[egu.space/images/logo.png]
[egu.space/images/2-iphone-right.png]
[egu.space/images/single-iphone.png]
[egu.space/images/2-iphone-left.png]
[egu.space/images/33.png]
[egu.space/images/screenshots/1.jpg]
[egu.space/images/screenshots/3.jpg]
[egu.space/images/screenshots/2.jpg]
[egu.space/images/screenshots/4.jpg]
[egu.space/js/bootstrap.min.js]
[egu.space/js/smoothscroll.js]
[egu.space/js/jquery.scrollTo.min.js]
[egu.space/js/jquery.localScroll.min.js]
[egu.space/js/owl.carousel.min.js]
[egu.space/js/nivo-lightbox.min.js]
[egu.space/js/simple-expand.min.js]
[egu.space/js/wow.min.js]
[egu.space/js/jquery.stellar.min.js]
[egu.space/js/retina.min.js]
[egu.space/js/jquery.nav.js]
[egu.space/js/matchMedia.js]
[egu.space/js/jquery.ajaxchimp.min.js]
[egu.space/js/jquery.fitvids.js]
[egu.space/js/custom.js]
[egu.space/index.html]
[egu.space/fonts/glyphicons-halflings-regular.eot]
[egu.space/fonts/glyphicons-halflings-regular.woff]
[egu.space/fonts/glyphicons-halflings-regulard41d.eot]
[egu.space/fonts/glyphicons-halflings-regular.ttf]
[egu.space/css/bootstrap.min.css]
[egu.space/assets/elegant-icons/fonts/ElegantIcons.eot]
[egu.space/assets/elegant-icons/fonts/ElegantIcons.ttf]
[egu.space/assets/elegant-icons/fonts/ElegantIconsd41d.eot]
[egu.space/assets/elegant-icons/fonts/ElegantIcons.woff]
[egu.space/assets/elegant-icons/style.css]
[egu.space/assets/app-icons/fonts/app-icons.eot]
[egu.space/assets/app-icons/fonts/app-iconsd41d.eot]
[egu.space/assets/app-icons/fonts/app-icons.woff]
[egu.space/assets/app-icons/fonts/app-icons.ttf]
[egu.space/assets/app-icons/styles.css]
[egu.space/css/AjaxLoader.gif]
[egu.space/css/owl.theme.css]
[egu.space/css/grabbing.png]
[egu.space/css/owl.carousel.css]
[egu.space/css/nivo-lightbox.css]
[egu.space/css/nivo_themes/default/loading.gif]
[egu.space/css/nivo_themes/default/prev.png]
[egu.space/css/nivo_themes/default/next.png]
[egu.space/css/nivo_themes/default/close.png]
[egu.space/css/nivo_themes/default/loading@2x.gif]
[egu.space/css/nivo_themes/default/prev@2x.png]
[egu.space/css/nivo_themes/default/next@2x.png]
[egu.space/css/nivo_themes/default/close@2x.png]
[egu.space/css/nivo_themes/default/default.css]
[egu.space/css/animate.min.css]
[egu.space/images/loading.gif]
[egu.space/fonts/lanenar_Lane.eot]
[egu.space/fonts/lanenar_Lane.woff]
[egu.space/fonts/lanenar_Laned41d.eot]
[egu.space/fonts/lanenar_Lane.ttf]
[egu.space/images/bg-1.jpg]
[egu.space/images/bg-2.jpg]
[egu.space/images/bg-3.jpg]
[egu.space/css/styles.css]
[egu.space/css/colors/blue-munsell.css]
[egu.space/css/responsive.css]
[egu.space/fonts/glyphicons-halflings-regular.svg]
[egu.space/assets/elegant-icons/fonts/ElegantIcons.svg]
[egu.space/assets/app-icons/fonts/app-icons.svg]
[egu.space/css/AjaxLoader.html]
[egu.space/css/grabbing.html]
[egu.space/fonts/lanenar_Lane.svg]
